# 2026-03-02: Deployment Flow Validation (21:35 GMT)

## Summary
The `test-deployment-flow` GitHub Action has succeeded. This validates that the core provisioning and health-check logic is operational for the current build.

## CI/CD Status
- **Workflow:** `test-deployment-flow`
- **Result:** ✅ Success
- **Commit:** `8fba00f` (deploy: update OpenClaw to v2026.3.1 and fix Next.js 16 issues)
- **OpenClaw Version:** 2026.2.26 (Detected in CI) / 2026.3.1 (Commit message)
- **Health Check:** 200 OK

## Runtime Health (Post-Deployment)
- **Frontend (`agentbot.raveculture.xyz`):** ✅ Healthy.
- **Uptime:** 551s (Restarted ~9 minutes ago).
- **CPU:** 0% usage.
- **Memory:** 7.8% usage.

## Ops Observations
- The deployment included a version bump and fixes for Next.js 16 compatibility.
- The environment is stable following the automated push.

## Next Steps
- Monitor for any "flapping" in the next 30 minutes.
- Verify that the `2026.3.1` version is correctly reflected in the live environment if the `2026.2.26` detection was a cached value or a partial update.
