=== OpenClawDeploy Production Go-Live Report ===
Generated: 2026-02-19T07:23:18Z
Frontend: https://agentbot.raveculture.xyz
API: https://api.agentbot.raveculture.xyz

[33mℹ️  Production go-live checks[0m
[33mℹ️  Frontend: https://agentbot.raveculture.xyz[0m
[33mℹ️  API:      https://api.agentbot.raveculture.xyz[0m
[33mℹ️  Agents:   *.agents.agentbot.raveculture.xyz[0m
[32m✅ DNS resolves for agentbot.raveculture.xyz -> 216.150.1.1[0m
[32m✅ DNS resolves for api.agentbot.raveculture.xyz -> 216.150.16.129[0m
[32m✅ DNS resolves for sample.agents.agentbot.raveculture.xyz -> 216.150.1.65[0m
[32m✅ Frontend home is healthy (200)[0m
[32m✅ Frontend API health is healthy (200)[0m
curl: (35) LibreSSL SSL_connect: SSL_ERROR_SYSCALL in connection to api.agentbot.raveculture.xyz:443 
[31m❌ Backend API health is healthy (expected 200, got 000000) -> https://api.agentbot.raveculture.xyz/health[0m
[32m✅ Route /signup reachable (200)[0m
[32m✅ Route /onboard reachable (200)[0m
[32m✅ Route /marketplace reachable (200)[0m
[32m✅ Route /docs reachable (200)[0m
[32m✅ Route /terms reachable (200)[0m
[32m✅ Route /privacy reachable (200)[0m
[32m✅ Route /blog reachable (200)[0m
[31m❌ Stripe checkout endpoint reachable but Stripe is not fully configured[0m

[33mℹ️  Summary: 12 passed, 2 failed[0m

RESULT: FAIL
