
> 2openclaw-web@0.1.0 dev
> next dev

   ▲ Next.js 14.1.0
   - Local:        http://localhost:3000

 ✓ Ready in 1717ms
 ○ Compiling / ...
 ✓ Compiled / in 2.1s (472 modules)
 ✓ Compiled in 95ms (243 modules)
 ⚠ Found a change in next.config.js. Restarting the server to apply the changes...
   ▲ Next.js 14.1.0
   - Local:        http://localhost:3000

 ✓ Ready in 1469ms
 ○ Compiling / ...
 ✓ Compiled / in 514ms (472 modules)
 ✓ Compiled in 89ms (243 modules)
 ⚠ Found a change in next.config.js. Restarting the server to apply the changes...
   ▲ Next.js 14.1.0
   - Local:        http://localhost:3000

 ✓ Ready in 1311ms
[?25h
